#include "mpi.h"

int main(int argc,char *argv[])
{
  int x = 0;
  int i;
  MPI_Init(&argc,&argv);
  
#pragma skel loop iterate exactly ( 10 )
{
    unsigned long _k_1 = 0UL;
    for (i = 0; (x < 100 , _k_1 < 10); _k_1++) {{
        x++;
        if ((i % 3) != 0) 
          x++;
      }
      rose_label__2:
      i++;
    }
  }
  MPI_Send((&x),1,MPI_INT,0,0,MPI_COMM_WORLD);
  return 0;
}
