#include "mpi.h"

int main(int argc,char *argv[])
{
  int x = 0;
  int i;
  int k;
  MPI_Init(&argc,&argv);
  
#pragma skel preserve
  for (i = 0; x < 100; i++) {
    x = (i + 1);
    if ((x % 2) != 0) 
      x += 5;
    int j;
    
#pragma skel remove
;
/* -code removed here- */
  }
  
#pragma skel remove
;
/* -code removed here- */
  return x;
}
