
int main(int argc,char *argv[])
{
  int x = 0;
  int i;
  int k;
  MPI_Init(&argc,&argv);
  
#pragma skel preserve
  for (k = 0; x < 500; k++) {
    x = (k + 1);
    if ((x % 2) != 0) 
      x += 5;
  }
  return x;
}
