#include "mpi.h"

int main(int argc,char *argv[])
{
  int rank;
  int size;
  MPI_Init(&argc,&argv);
  MPI_Comm_rank(MPI_COMM_WORLD,&rank);
  MPI_Comm_size(MPI_COMM_WORLD,&size);
  int x;
  int y;
  MPI_Send((&x),1,MPI_INT,(rank + 1),0,MPI_COMM_WORLD);
  MPI_Send((&y),1,MPI_INT,(rank + 1),0,MPI_COMM_WORLD);
  MPI_Finalize();
  return 0;
}
